[areaworks.com.tr/index.html]
[backblue.gif]
[fade.gif]
[index.html]
[areaworks.com.tr/assets/img/favicon.jpg]
[areaworks.com.tr/assets/img/apple-touch-icon.png]
[external.html]
[areaworks.com.tr/assets/vendor/aos/aos.css]
[areaworks.com.tr/assets/vendor/bootstrap/css/bootstrap.min.css]
[areaworks.com.tr/assets/vendor/bootstrap-icons/bootstrap-icons.css]
[areaworks.com.tr/assets/vendor/boxicons/css/boxicons.min.css]
[areaworks.com.tr/assets/vendor/glightbox/css/glightbox.min.css]
[areaworks.com.tr/assets/vendor/remixicon/remixicon.css]
[areaworks.com.tr/assets/vendor/swiper/swiper-bundle.min.css]
[areaworks.com.tr/assets/css/style.css]
[areaworks.com.tr/ryzen.html]
[areaworks.com.tr/index-2.html]
[areaworks.com.tr/intel.html]
[areaworks.com.tr/dcbot.html]
[areaworks.com.tr/fivemkey.html]
[areaworks.com.tr/fivemdev.html]
[areaworks.com.tr/ts3.html]
[areaworks.com.tr/dc.html]
[areaworks.com.tr/assets/img/hero-img.gif]
[areaworks.com.tr/assets/img/testimonials/customer.png]
[areaworks.com.tr/assets/img/testimonials/ceo.png]
[areaworks.com.tr/cdn-cgi/l/email-protection.html]
[areaworks.com.tr/cdn-cgi/scripts/5c5dd728/cloudflare-static/email-decode.min.js]
[areaworks.com.tr/assets/vendor/purecounter/purecounter_vanilla.js]
[areaworks.com.tr/assets/vendor/aos/aos.js]
[areaworks.com.tr/assets/vendor/bootstrap/js/bootstrap.bundle.min.js]
[areaworks.com.tr/assets/vendor/glightbox/js/glightbox.min.js]
[areaworks.com.tr/assets/vendor/swiper/swiper-bundle.min.js]
[areaworks.com.tr/assets/vendor/php-email-form/validate.js]
[areaworks.com.tr/index.html]
[areaworks.com.tr/assets/img/apple-touch-icon.html]
[areaworks.com.tr/assets/vendor/aos/aos.css]
[areaworks.com.tr/assets/vendor/bootstrap/css/bootstrap.min.css]
[areaworks.com.tr/assets/js/main.js]
[areaworks.com.tr/assets/vendor/bootstrap-icons/fonts/bootstrap-iconsbf04.woff2]
[areaworks.com.tr/assets/vendor/bootstrap-icons/fonts/bootstrap-iconsbf04.woff]
[areaworks.com.tr/assets/vendor/bootstrap-icons/bootstrap-icons.css]
[areaworks.com.tr/assets/vendor/boxicons/fonts/boxicons.eot]
[areaworks.com.tr/assets/vendor/boxicons/fonts/boxicons.woff2]
[areaworks.com.tr/assets/vendor/boxicons/fonts/boxicons.woff]
[areaworks.com.tr/assets/vendor/boxicons/fonts/boxicons.ttf]
[areaworks.com.tr/assets/vendor/boxicons/css/boxicons.min.css]
[areaworks.com.tr/assets/vendor/glightbox/css/glightbox.min.css]
[areaworks.com.tr/assets/vendor/boxicons/fonts/boxiconsd41d.svg]
[areaworks.com.tr/assets/vendor/remixicon/remixicondf6d.eot]
[areaworks.com.tr/assets/vendor/remixicon/remixicondf6d.woff2]
[areaworks.com.tr/assets/vendor/remixicon/remixicondf6d.woff]
[areaworks.com.tr/assets/vendor/remixicon/remixicondf6d.ttf]
[areaworks.com.tr/assets/vendor/remixicon/remixicon.css]
[areaworks.com.tr/assets/vendor/swiper/swiper-bundle.min.css]
[areaworks.com.tr/assets/img/hero-bg.jpg]
[areaworks.com.tr/assets/vendor/remixicon/remixicondf6d.svg]
[areaworks.com.tr/assets/img/about.png]
[areaworks.com.tr/assets/img/cta-bg.png]
[areaworks.com.tr/assets/css/style.css]
[areaworks.com.tr/index-2.html]
[areaworks.com.tr/assets/img/ryzen.gif]
[areaworks.com.tr/ryzen.html]
[areaworks.com.tr/assets/img/intel.gif]
[areaworks.com.tr/intel.html]
[areaworks.com.tr/assets/img/discord.gif]
[areaworks.com.tr/dcbot.html]
[areaworks.com.tr/assets/img/fivemkey.png]
[areaworks.com.tr/fivemkey.html]
[areaworks.com.tr/assets/img/dev.webp]
[areaworks.com.tr/fivemdev.html]
[areaworks.com.tr/assets/img/ts3.png]
[areaworks.com.tr/ts3.html]
[areaworks.com.tr/assets/img/dc.png]
[areaworks.com.tr/dc.html]
[areaworks.com.tr/cdn-cgi/l/email-protection.html]
[areaworks.com.tr/assets/vendor/boxicons/fonts/boxiconsd41d.svg]
[areaworks.com.tr/assets/vendor/remixicon/remixicondf6d.svg]
